0 verbose cli C:\Program Files\nodejs\node.exe C:\Users\RG_SV\AppData\Roaming\npm\node_modules\npm\bin\npm-cli.js
1 info using npm@11.0.0
2 info using node@v23.6.1
3 silly config load:file:C:\Users\RG_SV\AppData\Roaming\npm\node_modules\npm\npmrc
4 silly config load:file:C:\Users\RG_SV\Documents\personal_projects\mikrotik-manager\.npmrc
5 silly config load:file:C:\Users\RG_SV\.npmrc
6 silly config load:file:C:\Users\RG_SV\AppData\Roaming\npm\etc\npmrc
7 verbose title npm run lint
8 verbose argv "run" "lint" "--cache" "false"
9 verbose logfile logs-max:10 dir:C:\Users\RG_SV\Documents\personal_projects\mikrotik-manager\false\_logs\2025-03-03T11_36_30_730Z-
10 verbose logfile C:\Users\RG_SV\Documents\personal_projects\mikrotik-manager\false\_logs\2025-03-03T11_36_30_730Z-debug-0.log
11 silly logfile done cleaning log files
12 http fetch GET 200 https://registry.npmjs.org/npm 854ms
13 verbose cwd C:\Users\RG_SV\Documents\personal_projects\mikrotik-manager
14 verbose os Windows_NT 10.0.22631
15 verbose node v23.6.1
16 verbose npm  v11.0.0
17 notice
17 notice New [33mminor[39m version of npm available! [33m11.0.0[39m -> [34m11.1.0[39m
17 notice Changelog: [34mhttps://github.com/npm/cli/releases/tag/v11.1.0[39m
17 notice To update run: [4mnpm install -g npm@11.1.0[24m
17 notice  { force: true, [Symbol(proc-log.meta)]: true }
18 verbose exit 1
19 verbose code 1
